{
  "betas": [
    0.0,
    0.25,
    0.5,
    0.75,
    1.0
  ],
  "budget": 64,
  "evaluated_sample_size": 125,
  "experiment": "pickscore_sd35",
  "num_shards": 4,
  "rounds": [
    {
      "beta_sweep": [
        {
          "action_statistics": {
            "answer": 1.0,
            "forward": 2.0,
            "mean_nfe": 10.0,
            "preview": 2.0,
            "prune": 1.0,
            "spawn": 1.0
          },
          "behavior_summary": "single-root preview (spawn=1.00, preview=2.00, prune=1.00, nfe=10.00)",
          "beta": 0.0,
          "nfe": 10,
          "reward": 0.7678957629203796,
          "reward_per_nfe": 0.07678957629203796
        },
        {
          "action_statistics": {
            "answer": 1.0,
            "forward": 4.0,
            "mean_nfe": 20.0,
            "preview": 4.0,
            "prune": 1.0,
            "spawn": 1.0
          },
          "behavior_summary": "single-root preview (spawn=1.00, preview=4.00, prune=1.00, nfe=20.00)",
          "beta": 0.25,
          "nfe": 20,
          "reward": 0.7810013446807861,
          "reward_per_nfe": 0.03905006723403931
        },
        {
          "action_statistics": {
            "answer": 1.0,
            "forward": 7.0,
            "mean_nfe": 36.0,
            "preview": 8.0,
            "prune": 2.0,
            "spawn": 1.0
          },
          "behavior_summary": "single-root preview (spawn=1.00, preview=8.00, prune=2.00, nfe=36.00)",
          "beta": 0.5,
          "nfe": 36,
          "reward": 0.8295571384429932,
          "reward_per_nfe": 0.023043253845638698
        },
        {
          "action_statistics": {
            "answer": 1.0,
            "forward": 9.0,
            "mean_nfe": 48.0,
            "preview": 12.0,
            "prune": 2.0,
            "spawn": 1.0
          },
          "behavior_summary": "single-root preview (spawn=1.00, preview=12.00, prune=2.00, nfe=48.00)",
          "beta": 0.75,
          "nfe": 48,
          "reward": 0.8312812457084656,
          "reward_per_nfe": 0.017318359285593034
        },
        {
          "action_statistics": {
            "answer": 1.0,
            "forward": 13.0,
            "mean_nfe": 64.0,
            "preview": 18.0,
            "prune": 2.0,
            "spawn": 1.0
          },
          "behavior_summary": "single-root preview (spawn=1.00, preview=18.00, prune=2.00, nfe=64.00)",
          "beta": 1.0,
          "nfe": 64,
          "reward": 0.8338583869934082,
          "reward_per_nfe": 0.013029037296772003
        }
      ],
      "controller": "optimal",
      "controller_name": "OptimalController",
      "pareto_frontier": [
        {
          "action_statistics": {
            "answer": 1.0,
            "forward": 2.0,
            "mean_nfe": 10.0,
            "preview": 2.0,
            "prune": 1.0,
            "spawn": 1.0
          },
          "behavior_summary": "single-root preview (spawn=1.00, preview=2.00, prune=1.00, nfe=10.00)",
          "beta": 0.0,
          "nfe": 10,
          "reward": 0.7678957629203796,
          "reward_per_nfe": 0.07678957629203796
        },
        {
          "action_statistics": {
            "answer": 1.0,
            "forward": 4.0,
            "mean_nfe": 20.0,
            "preview": 4.0,
            "prune": 1.0,
            "spawn": 1.0
          },
          "behavior_summary": "single-root preview (spawn=1.00, preview=4.00, prune=1.00, nfe=20.00)",
          "beta": 0.25,
          "nfe": 20,
          "reward": 0.7810013446807861,
          "reward_per_nfe": 0.03905006723403931
        },
        {
          "action_statistics": {
            "answer": 1.0,
            "forward": 7.0,
            "mean_nfe": 36.0,
            "preview": 8.0,
            "prune": 2.0,
            "spawn": 1.0
          },
          "behavior_summary": "single-root preview (spawn=1.00, preview=8.00, prune=2.00, nfe=36.00)",
          "beta": 0.5,
          "nfe": 36,
          "reward": 0.8295571384429932,
          "reward_per_nfe": 0.023043253845638698
        },
        {
          "action_statistics": {
            "answer": 1.0,
            "forward": 9.0,
            "mean_nfe": 48.0,
            "preview": 12.0,
            "prune": 2.0,
            "spawn": 1.0
          },
          "behavior_summary": "single-root preview (spawn=1.00, preview=12.00, prune=2.00, nfe=48.00)",
          "beta": 0.75,
          "nfe": 48,
          "reward": 0.8312812457084656,
          "reward_per_nfe": 0.017318359285593034
        },
        {
          "action_statistics": {
            "answer": 1.0,
            "forward": 13.0,
            "mean_nfe": 64.0,
            "preview": 18.0,
            "prune": 2.0,
            "spawn": 1.0
          },
          "behavior_summary": "single-root preview (spawn=1.00, preview=18.00, prune=2.00, nfe=64.00)",
          "beta": 1.0,
          "nfe": 64,
          "reward": 0.8338583869934082,
          "reward_per_nfe": 0.013029037296772003
        }
      ],
      "round_id": 0
    }
  ],
  "sample_seed": 42,
  "sample_size": 500,
  "shard_index": 3
}
