{
  "betas": [
    0.0,
    0.25,
    0.5,
    0.75,
    1.0
  ],
  "budget": 64,
  "evaluated_sample_size": 125,
  "experiment": "pickscore_sd35",
  "num_shards": 4,
  "rounds": [
    {
      "beta_sweep": [
        {
          "action_statistics": {
            "answer": 1.0,
            "forward": 7.0,
            "mean_nfe": 10.0,
            "preview": 3.0,
            "prune": 1.0,
            "spawn": 1.0
          },
          "behavior_summary": "single-root preview (spawn=1.00, preview=3.00, prune=1.00, nfe=10.00)",
          "beta": 0.0,
          "nfe": 10,
          "reward": 0.7923315253257751,
          "reward_per_nfe": 0.07923315253257751
        },
        {
          "action_statistics": {
            "answer": 1.0,
            "forward": 13.0,
            "mean_nfe": 20.0,
            "preview": 7.0,
            "prune": 1.12,
            "spawn": 1.0
          },
          "behavior_summary": "single-root preview (spawn=1.00, preview=7.00, prune=1.12, nfe=20.00)",
          "beta": 0.25,
          "nfe": 20,
          "reward": 0.8218565430641175,
          "reward_per_nfe": 0.04109282715320587
        },
        {
          "action_statistics": {
            "answer": 1.0,
            "backward": 1.0,
            "forward": 26.0,
            "mean_nfe": 36.0,
            "preview": 10.0,
            "prune": 1.2,
            "spawn": 1.0
          },
          "behavior_summary": "preview-guided backward refinement (spawn=1.00, preview=10.00, backward=1.00, prune=1.20, nfe=36.00)",
          "beta": 0.5,
          "nfe": 36,
          "reward": 0.8375053534507751,
          "reward_per_nfe": 0.023264037595854867
        },
        {
          "action_statistics": {
            "answer": 1.0,
            "backward": 1.0,
            "forward": 33.784,
            "mean_nfe": 46.568,
            "preview": 12.784,
            "prune": 1.248,
            "spawn": 1.0
          },
          "behavior_summary": "preview-guided backward refinement (spawn=1.00, preview=12.78, backward=1.00, prune=1.25, nfe=46.57)",
          "beta": 0.75,
          "nfe": 46.568,
          "reward": 0.845415117740631,
          "reward_per_nfe": 0.01816605454460667
        },
        {
          "action_statistics": {
            "answer": 1.0,
            "backward": 1.0,
            "forward": 44.24,
            "mean_nfe": 63.0,
            "preview": 18.76,
            "prune": 1.344,
            "spawn": 1.0
          },
          "behavior_summary": "preview-guided backward refinement (spawn=1.00, preview=18.76, backward=1.00, prune=1.34, nfe=63.00)",
          "beta": 1.0,
          "nfe": 63,
          "reward": 0.8477468657493591,
          "reward_per_nfe": 0.013456299456339034
        }
      ],
      "controller": "optimal",
      "controller_name": "OptimalController",
      "pareto_frontier": [
        {
          "action_statistics": {
            "answer": 1.0,
            "forward": 7.0,
            "mean_nfe": 10.0,
            "preview": 3.0,
            "prune": 1.0,
            "spawn": 1.0
          },
          "behavior_summary": "single-root preview (spawn=1.00, preview=3.00, prune=1.00, nfe=10.00)",
          "beta": 0.0,
          "nfe": 10,
          "reward": 0.7923315253257751,
          "reward_per_nfe": 0.07923315253257751
        },
        {
          "action_statistics": {
            "answer": 1.0,
            "forward": 13.0,
            "mean_nfe": 20.0,
            "preview": 7.0,
            "prune": 1.12,
            "spawn": 1.0
          },
          "behavior_summary": "single-root preview (spawn=1.00, preview=7.00, prune=1.12, nfe=20.00)",
          "beta": 0.25,
          "nfe": 20,
          "reward": 0.8218565430641175,
          "reward_per_nfe": 0.04109282715320587
        },
        {
          "action_statistics": {
            "answer": 1.0,
            "backward": 1.0,
            "forward": 26.0,
            "mean_nfe": 36.0,
            "preview": 10.0,
            "prune": 1.2,
            "spawn": 1.0
          },
          "behavior_summary": "preview-guided backward refinement (spawn=1.00, preview=10.00, backward=1.00, prune=1.20, nfe=36.00)",
          "beta": 0.5,
          "nfe": 36,
          "reward": 0.8375053534507751,
          "reward_per_nfe": 0.023264037595854867
        },
        {
          "action_statistics": {
            "answer": 1.0,
            "backward": 1.0,
            "forward": 33.784,
            "mean_nfe": 46.568,
            "preview": 12.784,
            "prune": 1.248,
            "spawn": 1.0
          },
          "behavior_summary": "preview-guided backward refinement (spawn=1.00, preview=12.78, backward=1.00, prune=1.25, nfe=46.57)",
          "beta": 0.75,
          "nfe": 46.568,
          "reward": 0.845415117740631,
          "reward_per_nfe": 0.01816605454460667
        },
        {
          "action_statistics": {
            "answer": 1.0,
            "backward": 1.0,
            "forward": 44.24,
            "mean_nfe": 63.0,
            "preview": 18.76,
            "prune": 1.344,
            "spawn": 1.0
          },
          "behavior_summary": "preview-guided backward refinement (spawn=1.00, preview=18.76, backward=1.00, prune=1.34, nfe=63.00)",
          "beta": 1.0,
          "nfe": 63,
          "reward": 0.8477468657493591,
          "reward_per_nfe": 0.013456299456339034
        }
      ],
      "round_id": 0
    }
  ],
  "sample_seed": 42,
  "sample_size": 500,
  "shard_index": 2
}
