{
  "betas": [
    0.0,
    0.25,
    0.5,
    0.75,
    1.0
  ],
  "budget": 64,
  "evaluated_sample_size": 125,
  "experiment": "pickscore_sd35",
  "num_shards": 4,
  "rounds": [
    {
      "beta_sweep": [
        {
          "action_statistics": {
            "answer": 1.0,
            "forward": 7.0,
            "mean_nfe": 10.0,
            "preview": 3.0,
            "prune": 1.0,
            "spawn": 1.0
          },
          "behavior_summary": "single-root preview (spawn=1.00, preview=3.00, prune=1.00, nfe=10.00)",
          "beta": 0.0,
          "nfe": 10,
          "reward": 0.7883218293190002,
          "reward_per_nfe": 0.07883218293190003
        },
        {
          "action_statistics": {
            "answer": 1.0,
            "forward": 14.0,
            "mean_nfe": 20.0,
            "preview": 6.0,
            "prune": 1.0,
            "spawn": 1.0
          },
          "behavior_summary": "single-root preview (spawn=1.00, preview=6.00, prune=1.00, nfe=20.00)",
          "beta": 0.25,
          "nfe": 20,
          "reward": 0.8007659006118775,
          "reward_per_nfe": 0.04003829503059387
        },
        {
          "action_statistics": {
            "answer": 1.0,
            "backward": 1.344,
            "forward": 27.0,
            "mean_nfe": 36.0,
            "preview": 9.0,
            "prune": 2.0,
            "spawn": 1.0
          },
          "behavior_summary": "preview-guided backward refinement (spawn=1.00, preview=9.00, backward=1.34, prune=2.00, nfe=36.00)",
          "beta": 0.5,
          "nfe": 36,
          "reward": 0.8362116084098816,
          "reward_per_nfe": 0.023228100233607822
        },
        {
          "action_statistics": {
            "answer": 1.0,
            "backward": 1.36,
            "forward": 36.0,
            "mean_nfe": 47.0,
            "preview": 11.0,
            "prune": 1.0,
            "spawn": 1.0
          },
          "behavior_summary": "preview-guided backward refinement (spawn=1.00, preview=11.00, backward=1.36, prune=1.00, nfe=47.00)",
          "beta": 0.75,
          "nfe": 47,
          "reward": 0.8343462562561035,
          "reward_per_nfe": 0.017752048005449012
        },
        {
          "action_statistics": {
            "answer": 1.0,
            "backward": 2.0,
            "forward": 48.744,
            "mean_nfe": 64.0,
            "preview": 15.256,
            "prune": 1.0,
            "spawn": 1.0
          },
          "behavior_summary": "preview-guided backward refinement (spawn=1.00, preview=15.26, backward=2.00, prune=1.00, nfe=64.00)",
          "beta": 1.0,
          "nfe": 64,
          "reward": 0.8448159880638123,
          "reward_per_nfe": 0.013200249813497067
        }
      ],
      "controller": "optimal",
      "controller_name": "OptimalController",
      "pareto_frontier": [
        {
          "action_statistics": {
            "answer": 1.0,
            "forward": 7.0,
            "mean_nfe": 10.0,
            "preview": 3.0,
            "prune": 1.0,
            "spawn": 1.0
          },
          "behavior_summary": "single-root preview (spawn=1.00, preview=3.00, prune=1.00, nfe=10.00)",
          "beta": 0.0,
          "nfe": 10,
          "reward": 0.7883218293190002,
          "reward_per_nfe": 0.07883218293190003
        },
        {
          "action_statistics": {
            "answer": 1.0,
            "forward": 14.0,
            "mean_nfe": 20.0,
            "preview": 6.0,
            "prune": 1.0,
            "spawn": 1.0
          },
          "behavior_summary": "single-root preview (spawn=1.00, preview=6.00, prune=1.00, nfe=20.00)",
          "beta": 0.25,
          "nfe": 20,
          "reward": 0.8007659006118775,
          "reward_per_nfe": 0.04003829503059387
        },
        {
          "action_statistics": {
            "answer": 1.0,
            "backward": 1.344,
            "forward": 27.0,
            "mean_nfe": 36.0,
            "preview": 9.0,
            "prune": 2.0,
            "spawn": 1.0
          },
          "behavior_summary": "preview-guided backward refinement (spawn=1.00, preview=9.00, backward=1.34, prune=2.00, nfe=36.00)",
          "beta": 0.5,
          "nfe": 36,
          "reward": 0.8362116084098816,
          "reward_per_nfe": 0.023228100233607822
        },
        {
          "action_statistics": {
            "answer": 1.0,
            "backward": 2.0,
            "forward": 48.744,
            "mean_nfe": 64.0,
            "preview": 15.256,
            "prune": 1.0,
            "spawn": 1.0
          },
          "behavior_summary": "preview-guided backward refinement (spawn=1.00, preview=15.26, backward=2.00, prune=1.00, nfe=64.00)",
          "beta": 1.0,
          "nfe": 64,
          "reward": 0.8448159880638123,
          "reward_per_nfe": 0.013200249813497067
        }
      ],
      "round_id": 0
    }
  ],
  "sample_seed": 42,
  "sample_size": 500,
  "shard_index": 0
}
