{
  "betas": [
    0.0,
    0.25,
    0.5,
    0.75,
    1.0
  ],
  "budget": 64,
  "evaluated_sample_size": 125,
  "experiment": "pickscore_sd35",
  "num_shards": 4,
  "rounds": [
    {
      "beta_sweep": [
        {
          "action_statistics": {
            "answer": 1.0,
            "forward": 7.0,
            "mean_nfe": 10.0,
            "preview": 3.0,
            "spawn": 1.0
          },
          "behavior_summary": "single-root preview (spawn=1.00, preview=3.00, nfe=10.00)",
          "beta": 0.0,
          "nfe": 10,
          "reward": 0.8150475587844849,
          "reward_per_nfe": 0.08150475587844849
        },
        {
          "action_statistics": {
            "answer": 1.0,
            "forward": 10.0,
            "mean_nfe": 20.0,
            "preview": 10.0,
            "spawn": 1.0
          },
          "behavior_summary": "single-root preview (spawn=1.00, preview=10.00, nfe=20.00)",
          "beta": 0.25,
          "nfe": 20,
          "reward": 0.8233013572692871,
          "reward_per_nfe": 0.041165067863464355
        },
        {
          "action_statistics": {
            "answer": 1.0,
            "backward": 0.408,
            "forward": 25.704,
            "mean_nfe": 35.408,
            "preview": 9.704,
            "prune": 1.144,
            "spawn": 1.0
          },
          "behavior_summary": "preview-guided backward refinement (spawn=1.00, preview=9.70, backward=0.41, prune=1.14, nfe=35.41)",
          "beta": 0.5,
          "nfe": 35.408,
          "reward": 0.841911545753479,
          "reward_per_nfe": 0.023795532305256214
        },
        {
          "action_statistics": {
            "answer": 1.0,
            "backward": 0.928,
            "forward": 34.376,
            "mean_nfe": 47.632,
            "preview": 13.256,
            "prune": 1.4,
            "spawn": 1.0
          },
          "behavior_summary": "preview-guided backward refinement (spawn=1.00, preview=13.26, backward=0.93, prune=1.40, nfe=47.63)",
          "beta": 0.75,
          "nfe": 47.632,
          "reward": 0.8454924283027649,
          "reward_per_nfe": 0.01775375745989752
        },
        {
          "action_statistics": {
            "answer": 1.0,
            "backward": 0.896,
            "forward": 43.352,
            "mean_nfe": 63.56,
            "preview": 20.208,
            "prune": 1.568,
            "spawn": 1.0
          },
          "behavior_summary": "preview-guided backward refinement (spawn=1.00, preview=20.21, backward=0.90, prune=1.57, nfe=63.56)",
          "beta": 1.0,
          "nfe": 63.56,
          "reward": 0.8482288527488708,
          "reward_per_nfe": 0.01334746004518978
        }
      ],
      "controller": "optimal",
      "controller_name": "OptimalController",
      "pareto_frontier": [
        {
          "action_statistics": {
            "answer": 1.0,
            "forward": 7.0,
            "mean_nfe": 10.0,
            "preview": 3.0,
            "spawn": 1.0
          },
          "behavior_summary": "single-root preview (spawn=1.00, preview=3.00, nfe=10.00)",
          "beta": 0.0,
          "nfe": 10,
          "reward": 0.8150475587844849,
          "reward_per_nfe": 0.08150475587844849
        },
        {
          "action_statistics": {
            "answer": 1.0,
            "forward": 10.0,
            "mean_nfe": 20.0,
            "preview": 10.0,
            "spawn": 1.0
          },
          "behavior_summary": "single-root preview (spawn=1.00, preview=10.00, nfe=20.00)",
          "beta": 0.25,
          "nfe": 20,
          "reward": 0.8233013572692871,
          "reward_per_nfe": 0.041165067863464355
        },
        {
          "action_statistics": {
            "answer": 1.0,
            "backward": 0.408,
            "forward": 25.704,
            "mean_nfe": 35.408,
            "preview": 9.704,
            "prune": 1.144,
            "spawn": 1.0
          },
          "behavior_summary": "preview-guided backward refinement (spawn=1.00, preview=9.70, backward=0.41, prune=1.14, nfe=35.41)",
          "beta": 0.5,
          "nfe": 35.408,
          "reward": 0.841911545753479,
          "reward_per_nfe": 0.023795532305256214
        },
        {
          "action_statistics": {
            "answer": 1.0,
            "backward": 0.928,
            "forward": 34.376,
            "mean_nfe": 47.632,
            "preview": 13.256,
            "prune": 1.4,
            "spawn": 1.0
          },
          "behavior_summary": "preview-guided backward refinement (spawn=1.00, preview=13.26, backward=0.93, prune=1.40, nfe=47.63)",
          "beta": 0.75,
          "nfe": 47.632,
          "reward": 0.8454924283027649,
          "reward_per_nfe": 0.01775375745989752
        },
        {
          "action_statistics": {
            "answer": 1.0,
            "backward": 0.896,
            "forward": 43.352,
            "mean_nfe": 63.56,
            "preview": 20.208,
            "prune": 1.568,
            "spawn": 1.0
          },
          "behavior_summary": "preview-guided backward refinement (spawn=1.00, preview=20.21, backward=0.90, prune=1.57, nfe=63.56)",
          "beta": 1.0,
          "nfe": 63.56,
          "reward": 0.8482288527488708,
          "reward_per_nfe": 0.01334746004518978
        }
      ],
      "round_id": 0
    }
  ],
  "sample_seed": 42,
  "sample_size": 500,
  "shard_index": 1
}
