{
  "betas": [
    0.0,
    0.25,
    0.5,
    0.75,
    1.0
  ],
  "budget": 64,
  "evaluated_sample_size": 125,
  "experiment": "pickscore_sd35",
  "num_shards": 4,
  "rounds": [
    {
      "beta_sweep": [
        {
          "action_statistics": {
            "answer": 1.0,
            "forward": 2.0,
            "mean_nfe": 10.0,
            "preview": 2.0,
            "prune": 1.0,
            "spawn": 1.0
          },
          "behavior_summary": "single-root preview (spawn=1.00, preview=2.00, prune=1.00, nfe=10.00)",
          "beta": 0.0,
          "nfe": 10,
          "reward": 0.782839243888855,
          "reward_per_nfe": 0.0782839243888855
        },
        {
          "action_statistics": {
            "answer": 1.0,
            "forward": 4.0,
            "mean_nfe": 20.0,
            "preview": 4.0,
            "prune": 1.0,
            "spawn": 1.0
          },
          "behavior_summary": "single-root preview (spawn=1.00, preview=4.00, prune=1.00, nfe=20.00)",
          "beta": 0.25,
          "nfe": 20,
          "reward": 0.7927897763252258,
          "reward_per_nfe": 0.03963948881626129
        },
        {
          "action_statistics": {
            "answer": 1.0,
            "forward": 7.0,
            "mean_nfe": 36.0,
            "preview": 8.0,
            "prune": 2.0,
            "spawn": 1.0
          },
          "behavior_summary": "single-root preview (spawn=1.00, preview=8.00, prune=2.00, nfe=36.00)",
          "beta": 0.5,
          "nfe": 36,
          "reward": 0.8439221086502076,
          "reward_per_nfe": 0.0234422807958391
        },
        {
          "action_statistics": {
            "answer": 1.0,
            "forward": 9.0,
            "mean_nfe": 48.0,
            "preview": 12.0,
            "prune": 2.0,
            "spawn": 1.0
          },
          "behavior_summary": "single-root preview (spawn=1.00, preview=12.00, prune=2.00, nfe=48.00)",
          "beta": 0.75,
          "nfe": 48,
          "reward": 0.8457879347801208,
          "reward_per_nfe": 0.017620581974585853
        },
        {
          "action_statistics": {
            "answer": 1.0,
            "forward": 13.0,
            "mean_nfe": 64.0,
            "preview": 18.0,
            "prune": 2.0,
            "spawn": 1.0
          },
          "behavior_summary": "single-root preview (spawn=1.00, preview=18.00, prune=2.00, nfe=64.00)",
          "beta": 1.0,
          "nfe": 64,
          "reward": 0.849247353553772,
          "reward_per_nfe": 0.013269489899277688
        }
      ],
      "controller": "optimal",
      "controller_name": "OptimalController",
      "pareto_frontier": [
        {
          "action_statistics": {
            "answer": 1.0,
            "forward": 2.0,
            "mean_nfe": 10.0,
            "preview": 2.0,
            "prune": 1.0,
            "spawn": 1.0
          },
          "behavior_summary": "single-root preview (spawn=1.00, preview=2.00, prune=1.00, nfe=10.00)",
          "beta": 0.0,
          "nfe": 10,
          "reward": 0.782839243888855,
          "reward_per_nfe": 0.0782839243888855
        },
        {
          "action_statistics": {
            "answer": 1.0,
            "forward": 4.0,
            "mean_nfe": 20.0,
            "preview": 4.0,
            "prune": 1.0,
            "spawn": 1.0
          },
          "behavior_summary": "single-root preview (spawn=1.00, preview=4.00, prune=1.00, nfe=20.00)",
          "beta": 0.25,
          "nfe": 20,
          "reward": 0.7927897763252258,
          "reward_per_nfe": 0.03963948881626129
        },
        {
          "action_statistics": {
            "answer": 1.0,
            "forward": 7.0,
            "mean_nfe": 36.0,
            "preview": 8.0,
            "prune": 2.0,
            "spawn": 1.0
          },
          "behavior_summary": "single-root preview (spawn=1.00, preview=8.00, prune=2.00, nfe=36.00)",
          "beta": 0.5,
          "nfe": 36,
          "reward": 0.8439221086502076,
          "reward_per_nfe": 0.0234422807958391
        },
        {
          "action_statistics": {
            "answer": 1.0,
            "forward": 9.0,
            "mean_nfe": 48.0,
            "preview": 12.0,
            "prune": 2.0,
            "spawn": 1.0
          },
          "behavior_summary": "single-root preview (spawn=1.00, preview=12.00, prune=2.00, nfe=48.00)",
          "beta": 0.75,
          "nfe": 48,
          "reward": 0.8457879347801208,
          "reward_per_nfe": 0.017620581974585853
        },
        {
          "action_statistics": {
            "answer": 1.0,
            "forward": 13.0,
            "mean_nfe": 64.0,
            "preview": 18.0,
            "prune": 2.0,
            "spawn": 1.0
          },
          "behavior_summary": "single-root preview (spawn=1.00, preview=18.00, prune=2.00, nfe=64.00)",
          "beta": 1.0,
          "nfe": 64,
          "reward": 0.849247353553772,
          "reward_per_nfe": 0.013269489899277688
        }
      ],
      "round_id": 0
    }
  ],
  "sample_seed": 42,
  "sample_size": 500,
  "shard_index": 2
}
