{
  "betas": [
    0.0,
    0.25,
    0.5,
    0.75,
    1.0
  ],
  "budget": 64,
  "evaluated_sample_size": 125,
  "experiment": "pickscore_sd35",
  "num_shards": 4,
  "rounds": [
    {
      "beta_sweep": [
        {
          "action_statistics": {
            "answer": 1.0,
            "forward": 2.0,
            "mean_nfe": 10.0,
            "preview": 2.0,
            "prune": 1.0,
            "spawn": 1.0
          },
          "behavior_summary": "single-root preview (spawn=1.00, preview=2.00, prune=1.00, nfe=10.00)",
          "beta": 0.0,
          "nfe": 10,
          "reward": 0.779430465221405,
          "reward_per_nfe": 0.0779430465221405
        },
        {
          "action_statistics": {
            "answer": 1.0,
            "forward": 4.0,
            "mean_nfe": 20.0,
            "preview": 4.0,
            "prune": 1.0,
            "spawn": 1.0
          },
          "behavior_summary": "single-root preview (spawn=1.00, preview=4.00, prune=1.00, nfe=20.00)",
          "beta": 0.25,
          "nfe": 20,
          "reward": 0.789683021068573,
          "reward_per_nfe": 0.03948415105342865
        },
        {
          "action_statistics": {
            "answer": 1.0,
            "backward": 0.44,
            "forward": 7.44,
            "mean_nfe": 36.0,
            "preview": 9.12,
            "prune": 1.12,
            "spawn": 1.0
          },
          "behavior_summary": "preview-guided backward refinement (spawn=1.00, preview=9.12, backward=0.44, prune=1.12, nfe=36.00)",
          "beta": 0.5,
          "nfe": 36,
          "reward": 0.8388621888160706,
          "reward_per_nfe": 0.02330172746711307
        },
        {
          "action_statistics": {
            "answer": 1.0,
            "forward": 9.928,
            "mean_nfe": 48.0,
            "preview": 14.288,
            "prune": 1.44,
            "spawn": 1.0
          },
          "behavior_summary": "single-root preview (spawn=1.00, preview=14.29, prune=1.44, nfe=48.00)",
          "beta": 0.75,
          "nfe": 48,
          "reward": 0.8402867999076843,
          "reward_per_nfe": 0.017505974998076757
        },
        {
          "action_statistics": {
            "answer": 1.0,
            "backward": 1.792,
            "forward": 13.0,
            "mean_nfe": 64.0,
            "preview": 21.0,
            "prune": 1.688,
            "spawn": 1.0
          },
          "behavior_summary": "preview-guided backward refinement (spawn=1.00, preview=21.00, backward=1.79, prune=1.69, nfe=64.00)",
          "beta": 1.0,
          "nfe": 64,
          "reward": 0.8309254388809204,
          "reward_per_nfe": 0.012983209982514381
        }
      ],
      "controller": "optimal",
      "controller_name": "OptimalController",
      "pareto_frontier": [
        {
          "action_statistics": {
            "answer": 1.0,
            "forward": 2.0,
            "mean_nfe": 10.0,
            "preview": 2.0,
            "prune": 1.0,
            "spawn": 1.0
          },
          "behavior_summary": "single-root preview (spawn=1.00, preview=2.00, prune=1.00, nfe=10.00)",
          "beta": 0.0,
          "nfe": 10,
          "reward": 0.779430465221405,
          "reward_per_nfe": 0.0779430465221405
        },
        {
          "action_statistics": {
            "answer": 1.0,
            "forward": 4.0,
            "mean_nfe": 20.0,
            "preview": 4.0,
            "prune": 1.0,
            "spawn": 1.0
          },
          "behavior_summary": "single-root preview (spawn=1.00, preview=4.00, prune=1.00, nfe=20.00)",
          "beta": 0.25,
          "nfe": 20,
          "reward": 0.789683021068573,
          "reward_per_nfe": 0.03948415105342865
        },
        {
          "action_statistics": {
            "answer": 1.0,
            "backward": 0.44,
            "forward": 7.44,
            "mean_nfe": 36.0,
            "preview": 9.12,
            "prune": 1.12,
            "spawn": 1.0
          },
          "behavior_summary": "preview-guided backward refinement (spawn=1.00, preview=9.12, backward=0.44, prune=1.12, nfe=36.00)",
          "beta": 0.5,
          "nfe": 36,
          "reward": 0.8388621888160706,
          "reward_per_nfe": 0.02330172746711307
        },
        {
          "action_statistics": {
            "answer": 1.0,
            "forward": 9.928,
            "mean_nfe": 48.0,
            "preview": 14.288,
            "prune": 1.44,
            "spawn": 1.0
          },
          "behavior_summary": "single-root preview (spawn=1.00, preview=14.29, prune=1.44, nfe=48.00)",
          "beta": 0.75,
          "nfe": 48,
          "reward": 0.8402867999076843,
          "reward_per_nfe": 0.017505974998076757
        }
      ],
      "round_id": 0
    }
  ],
  "sample_seed": 42,
  "sample_size": 500,
  "shard_index": 0
}
