{
  "betas": [
    0.0,
    0.25,
    0.5,
    0.75,
    1.0
  ],
  "budget": 64,
  "evaluated_sample_size": 125,
  "experiment": "pickscore_sd35",
  "num_shards": 4,
  "rounds": [
    {
      "beta_sweep": [
        {
          "action_statistics": {
            "answer": 1.0,
            "forward": 2.0,
            "mean_nfe": 10.0,
            "preview": 2.0,
            "prune": 1.0,
            "spawn": 1.0
          },
          "behavior_summary": "single-root preview (spawn=1.00, preview=2.00, prune=1.00, nfe=10.00)",
          "beta": 0.0,
          "nfe": 10,
          "reward": 0.7821054482460021,
          "reward_per_nfe": 0.07821054482460021
        },
        {
          "action_statistics": {
            "answer": 1.0,
            "forward": 4.0,
            "mean_nfe": 20.0,
            "preview": 4.0,
            "prune": 1.0,
            "spawn": 1.0
          },
          "behavior_summary": "single-root preview (spawn=1.00, preview=4.00, prune=1.00, nfe=20.00)",
          "beta": 0.25,
          "nfe": 20,
          "reward": 0.7952043375968934,
          "reward_per_nfe": 0.03976021687984466
        },
        {
          "action_statistics": {
            "answer": 1.0,
            "backward": 0.392,
            "forward": 7.392,
            "mean_nfe": 36.0,
            "preview": 9.216,
            "prune": 1.112,
            "spawn": 1.0
          },
          "behavior_summary": "preview-guided backward refinement (spawn=1.00, preview=9.22, backward=0.39, prune=1.11, nfe=36.00)",
          "beta": 0.5,
          "nfe": 36,
          "reward": 0.8423053612709045,
          "reward_per_nfe": 0.023397371146414016
        },
        {
          "action_statistics": {
            "answer": 1.0,
            "forward": 9.84,
            "mean_nfe": 48.0,
            "preview": 14.64,
            "prune": 1.456,
            "spawn": 1.0
          },
          "behavior_summary": "single-root preview (spawn=1.00, preview=14.64, prune=1.46, nfe=48.00)",
          "beta": 0.75,
          "nfe": 48,
          "reward": 0.8465693964958191,
          "reward_per_nfe": 0.01763686242699623
        },
        {
          "action_statistics": {
            "answer": 1.0,
            "backward": 1.752,
            "forward": 12.992,
            "mean_nfe": 64.0,
            "preview": 21.032,
            "prune": 1.712,
            "spawn": 1.0
          },
          "behavior_summary": "preview-guided backward refinement (spawn=1.00, preview=21.03, backward=1.75, prune=1.71, nfe=64.00)",
          "beta": 1.0,
          "nfe": 64,
          "reward": 0.8344492473602295,
          "reward_per_nfe": 0.013038269490003586
        }
      ],
      "controller": "optimal",
      "controller_name": "OptimalController",
      "pareto_frontier": [
        {
          "action_statistics": {
            "answer": 1.0,
            "forward": 2.0,
            "mean_nfe": 10.0,
            "preview": 2.0,
            "prune": 1.0,
            "spawn": 1.0
          },
          "behavior_summary": "single-root preview (spawn=1.00, preview=2.00, prune=1.00, nfe=10.00)",
          "beta": 0.0,
          "nfe": 10,
          "reward": 0.7821054482460021,
          "reward_per_nfe": 0.07821054482460021
        },
        {
          "action_statistics": {
            "answer": 1.0,
            "forward": 4.0,
            "mean_nfe": 20.0,
            "preview": 4.0,
            "prune": 1.0,
            "spawn": 1.0
          },
          "behavior_summary": "single-root preview (spawn=1.00, preview=4.00, prune=1.00, nfe=20.00)",
          "beta": 0.25,
          "nfe": 20,
          "reward": 0.7952043375968934,
          "reward_per_nfe": 0.03976021687984466
        },
        {
          "action_statistics": {
            "answer": 1.0,
            "backward": 0.392,
            "forward": 7.392,
            "mean_nfe": 36.0,
            "preview": 9.216,
            "prune": 1.112,
            "spawn": 1.0
          },
          "behavior_summary": "preview-guided backward refinement (spawn=1.00, preview=9.22, backward=0.39, prune=1.11, nfe=36.00)",
          "beta": 0.5,
          "nfe": 36,
          "reward": 0.8423053612709045,
          "reward_per_nfe": 0.023397371146414016
        },
        {
          "action_statistics": {
            "answer": 1.0,
            "forward": 9.84,
            "mean_nfe": 48.0,
            "preview": 14.64,
            "prune": 1.456,
            "spawn": 1.0
          },
          "behavior_summary": "single-root preview (spawn=1.00, preview=14.64, prune=1.46, nfe=48.00)",
          "beta": 0.75,
          "nfe": 48,
          "reward": 0.8465693964958191,
          "reward_per_nfe": 0.01763686242699623
        }
      ],
      "round_id": 0
    }
  ],
  "sample_seed": 42,
  "sample_size": 500,
  "shard_index": 1
}
