{
  "betas": [
    0.0,
    0.25,
    0.5,
    0.75,
    1.0
  ],
  "budget": 64,
  "evaluated_sample_size": 125,
  "experiment": "pickscore_sd35",
  "num_shards": 4,
  "rounds": [
    {
      "beta_sweep": [
        {
          "action_statistics": {
            "answer": 1.0,
            "forward": 7.0,
            "mean_nfe": 10.0,
            "preview": 3.0,
            "prune": 1.0,
            "spawn": 1.0
          },
          "behavior_summary": "single-root preview (spawn=1.00, preview=3.00, prune=1.00, nfe=10.00)",
          "beta": 0.0,
          "nfe": 10,
          "reward": 0.7923315253257751,
          "reward_per_nfe": 0.07923315253257751
        },
        {
          "action_statistics": {
            "answer": 1.0,
            "forward": 13.0,
            "mean_nfe": 20.0,
            "preview": 7.0,
            "prune": 1.12,
            "spawn": 1.0
          },
          "behavior_summary": "single-root preview (spawn=1.00, preview=7.00, prune=1.12, nfe=20.00)",
          "beta": 0.25,
          "nfe": 20,
          "reward": 0.8218565430641175,
          "reward_per_nfe": 0.04109282715320587
        },
        {
          "action_statistics": {
            "answer": 1.0,
            "forward": 27.0,
            "mean_nfe": 36.0,
            "preview": 9.0,
            "prune": 1.2,
            "spawn": 1.0
          },
          "behavior_summary": "single-root preview (spawn=1.00, preview=9.00, prune=1.20, nfe=36.00)",
          "beta": 0.5,
          "nfe": 36,
          "reward": 0.8429513545036316,
          "reward_per_nfe": 0.023415315402878657
        },
        {
          "action_statistics": {
            "answer": 1.0,
            "backward": 0.424,
            "forward": 34.424,
            "mean_nfe": 47.424,
            "preview": 13.0,
            "prune": 1.248,
            "spawn": 1.0
          },
          "behavior_summary": "preview-guided backward refinement (spawn=1.00, preview=13.00, backward=0.42, prune=1.25, nfe=47.42)",
          "beta": 0.75,
          "nfe": 47.424,
          "reward": 0.8448117051124573,
          "reward_per_nfe": 0.017819069370733086
        },
        {
          "action_statistics": {
            "answer": 1.0,
            "backward": 0.4,
            "forward": 45.008,
            "mean_nfe": 63.608,
            "preview": 18.6,
            "prune": 1.344,
            "spawn": 1.0
          },
          "behavior_summary": "preview-guided backward refinement (spawn=1.00, preview=18.60, backward=0.40, prune=1.34, nfe=63.61)",
          "beta": 1.0,
          "nfe": 63.608,
          "reward": 0.8473198938369751,
          "reward_per_nfe": 0.013319986314409308
        }
      ],
      "controller": "optimal",
      "controller_name": "OptimalController",
      "pareto_frontier": [
        {
          "action_statistics": {
            "answer": 1.0,
            "forward": 7.0,
            "mean_nfe": 10.0,
            "preview": 3.0,
            "prune": 1.0,
            "spawn": 1.0
          },
          "behavior_summary": "single-root preview (spawn=1.00, preview=3.00, prune=1.00, nfe=10.00)",
          "beta": 0.0,
          "nfe": 10,
          "reward": 0.7923315253257751,
          "reward_per_nfe": 0.07923315253257751
        },
        {
          "action_statistics": {
            "answer": 1.0,
            "forward": 13.0,
            "mean_nfe": 20.0,
            "preview": 7.0,
            "prune": 1.12,
            "spawn": 1.0
          },
          "behavior_summary": "single-root preview (spawn=1.00, preview=7.00, prune=1.12, nfe=20.00)",
          "beta": 0.25,
          "nfe": 20,
          "reward": 0.8218565430641175,
          "reward_per_nfe": 0.04109282715320587
        },
        {
          "action_statistics": {
            "answer": 1.0,
            "forward": 27.0,
            "mean_nfe": 36.0,
            "preview": 9.0,
            "prune": 1.2,
            "spawn": 1.0
          },
          "behavior_summary": "single-root preview (spawn=1.00, preview=9.00, prune=1.20, nfe=36.00)",
          "beta": 0.5,
          "nfe": 36,
          "reward": 0.8429513545036316,
          "reward_per_nfe": 0.023415315402878657
        },
        {
          "action_statistics": {
            "answer": 1.0,
            "backward": 0.424,
            "forward": 34.424,
            "mean_nfe": 47.424,
            "preview": 13.0,
            "prune": 1.248,
            "spawn": 1.0
          },
          "behavior_summary": "preview-guided backward refinement (spawn=1.00, preview=13.00, backward=0.42, prune=1.25, nfe=47.42)",
          "beta": 0.75,
          "nfe": 47.424,
          "reward": 0.8448117051124573,
          "reward_per_nfe": 0.017819069370733086
        },
        {
          "action_statistics": {
            "answer": 1.0,
            "backward": 0.4,
            "forward": 45.008,
            "mean_nfe": 63.608,
            "preview": 18.6,
            "prune": 1.344,
            "spawn": 1.0
          },
          "behavior_summary": "preview-guided backward refinement (spawn=1.00, preview=18.60, backward=0.40, prune=1.34, nfe=63.61)",
          "beta": 1.0,
          "nfe": 63.608,
          "reward": 0.8473198938369751,
          "reward_per_nfe": 0.013319986314409308
        }
      ],
      "round_id": 0
    }
  ],
  "sample_seed": 42,
  "sample_size": 500,
  "shard_index": 2
}
